Godot Engine v4.7.2.stable.official.ed1daf0bf - https://godotengine.org
OpenGL API 3.3.0 NVIDIA 581.83 - Compatibility - Using Device: NVIDIA - NVIDIA GeForce RTX 3060 Laptop GPU

[V1] trial queue set: ["dragonStory", "fangcun", "underworld", "heavenHavoc", "baguaFurnace"]
[V1] smoke ready: time_scale=6
[V1] t=10 ch=eagle trial=[] enemies=13 kills=24 maxframe=0.033
[V1] t=20 ch=chesi trial=[] enemies=37 kills=24 maxframe=0.002
[V1] sfx: tame
[V1] t=30 ch=tongtian trial=["id"] enemies=95 kills=350 maxframe=0.008
[V1] t=40 ch=tongtian trial=["id"] enemies=95 kills=1155 maxframe=0.005
[V1] t=50 ch=tongtian trial=["id"] enemies=63 kills=2175 maxframe=0.005
[V1] t=60 ch=tongtian trial=["id"] enemies=96 kills=2840 maxframe=0.006
[V1] t=80 ch=tongtian trial=["id"] enemies=48 kills=4683 maxframe=0.013
[V1] trial complete: dragonStory
[V1] sfx: tame
[V1] trial save written: dragonStory
[V1] sfx: tame
[V1] t=100 ch=tongtian trial=["id"] enemies=57 kills=6517 maxframe=0.006
[V1] t=110 ch=tongtian trial=["id"] enemies=16 kills=7705 maxframe=0.005
[V1] t=120 ch=tongtian trial=["id"] enemies=79 kills=8489 maxframe=0.017
[V1] t=130 ch=tongtian trial=["id"] enemies=32 kills=9480 maxframe=0.033
[V1] t=140 ch=tongtian trial=["id"] enemies=51 kills=10333 maxframe=0.005
[V1] trial complete: fangcun
[V1] sfx: tame
[V1] trial save written: fangcun
[V1] sfx: tame
[V1] t=150 ch=tongtian trial=["id"] enemies=63 kills=11304 maxframe=0.012
[V1] t=160 ch=tongtian trial=["id"] enemies=51 kills=12378 maxframe=0.005
[V1] t=170 ch=tongtian trial=["id"] enemies=16 kills=13505 maxframe=0.010
[V1] t=180 ch=tongtian trial=["id"] enemies=32 kills=14356 maxframe=0.007
[V1] t=190 ch=tongtian trial=["id"] enemies=16 kills=15353 maxframe=0.004
[V1] t=200 ch=tongtian trial=["id"] enemies=96 kills=16024 maxframe=0.014
[V1] t=210 ch=tongtian trial=["id"] enemies=62 kills=17091 maxframe=0.007
[V1] trial complete: underworld
[V1] sfx: tame
[V1] trial save written: underworld
[V1] sfx: tame
[V1] t=220 ch=tongtian trial=["id"] enemies=32 kills=18166 maxframe=0.004
[V1] t=230 ch=tongtian trial=["id"] enemies=46 kills=19215 maxframe=0.008
[V1] t=240 ch=tongtian trial=["id"] enemies=10 kills=20291 maxframe=0.007
[V1] t=250 ch=tongtian trial=["id"] enemies=32 kills=21124 maxframe=0.006
[V1] t=260 ch=tongtian trial=["id"] enemies=96 kills=21789 maxframe=0.004
[V1] t=270 ch=tongtian trial=["id"] enemies=48 kills=22875 maxframe=0.012
[V1] trial complete: heavenHavoc
[V1] sfx: tame
[V1] trial save written: heavenHavoc
[V1] sfx: tame
[V1] t=280 ch=tongtian trial=["id"] enemies=48 kills=23675 maxframe=0.007
[V1] t=290 ch=tongtian trial=["id"] enemies=64 kills=24520 maxframe=0.005
[V1] t=300 ch=tongtian trial=["id"] enemies=16 kills=25372 maxframe=0.007
[V1] t=310 ch=tongtian trial=["id"] enemies=80 kills=26165 maxframe=0.006
[V1] t=320 ch=tongtian trial=["id"] enemies=25 kills=27327 maxframe=0.006
[V1] t=330 ch=tongtian trial=["id"] enemies=54 kills=28313 maxframe=0.008
[V1] trial complete: baguaFurnace
[V1] sfx: tame
[V1] trial save written: baguaFurnace
[V1] smoke tick enter: elapsed=337 trial_done=["dragonStory", "fangcun", "underworld", "heavenHavoc", "baguaFurnace"]
[V1] finish_smoke enter, passed=true
[V1] finish_smoke writing json
SMOKE_RESULT {"allies":12,"atk_count":336,"boss_spawned":true,"boss_tamed":true,"cards_owned":{"cdr":3,"comboForm":1,"dashDmg":3,"formDuration":2,"killForm":3,"t_nova":3,"t_reflect":3,"t_ring":2,"ultGain":4},"chapter":"tongtian","chapter_now":"tongtian","chapters_cleared":12,"deaths":4,"draft_log":[["hero","mutation","survival"],["mutation","hero","survival"],["hero","mutation","survival"],["mutation","hero","mobility"],["hero","mutation","survival"],["hero","mutation","survival"],["hero","mutation","survival"],["mutation","hero","mobility"],["hero","mutation","element"],["hero","mutation","mobility"],["mutation","hero","survival"],["hero","mutation","mobility"],["mutation","survival","generic"],["mutation","survival","generic"],["mutation","survival","survival"],["mutation","mobility","generic"],["mutation","element","survival"],["mutation","mobility","survival"],["mutation","element","mutation"],["mutation","generic","element"],["mutation","generic","generic"],["mutation","generic","survival"],["mutation","survival","mutation"],["mutation","survival","generic"]],"e_count":88,"elapsed_s":337.3,"floaters_spawned":1,"form_count":28,"hero":"tang","hitstop_total_s":11.6,"kills":29106,"level":25,"pass":true,"q_count":164,"save_check":{"mismatch":[],"ok":true},"screenshot":"saved","structure_check":{"detail":"","fails":0,"trials":200},"switches":12,"trial_done":{"baguaFurnace":true,"dragonStory":true,"fangcun":true,"heavenHavoc":true,"underworld":true},"ult_count":21,"unlocked":["tang","wukong","whiteDragon","bajie","shaWujing","nezha","erlang"],"victory":true,"wave":978}
