Godot Engine v4.7.2.stable.official.ed1daf0bf - https://godotengine.org

[V1] trial queue set: ["dragonStory", "fangcun", "underworld", "heavenHavoc", "baguaFurnace"]
[V1] smoke ready: time_scale=6
[V1] t=10 ch=eagle trial=[] enemies=7 kills=24 maxframe=0.017
[V1] t=20 ch=chesi trial=[] enemies=25 kills=24 maxframe=0.011
[V1] sfx: tame
[V1] t=30 ch=tongtian trial=["id"] enemies=100 kills=230 maxframe=0.042
[V1] t=40 ch=tongtian trial=["id"] enemies=15 kills=960 maxframe=0.009
[V1] t=50 ch=tongtian trial=["id"] enemies=47 kills=1823 maxframe=0.015
[V1] t=60 ch=tongtian trial=["id"] enemies=0 kills=2798 maxframe=0.015
[V1] t=70 ch=tongtian trial=["id"] enemies=30 kills=3569 maxframe=0.016
[V1] t=80 ch=tongtian trial=["id"] enemies=32 kills=4357 maxframe=0.026
[V1] trial complete: dragonStory
[V1] sfx: tame
[V1] trial save written: dragonStory
[V1] sfx: tame
[V1] t=90 ch=tongtian trial=["id"] enemies=80 kills=4963 maxframe=0.016
[V1] t=100 ch=tongtian trial=["id"] enemies=16 kills=6020 maxframe=0.013
[V1] t=110 ch=tongtian trial=["id"] enemies=29 kills=6965 maxframe=0.014
[V1] t=121 ch=tongtian trial=["id"] enemies=16 kills=32911 maxframe=0.141
[V1] t=131 ch=tongtian trial=["id"] enemies=16 kills=67433 maxframe=0.147
[V1] t=140 ch=tongtian trial=["id"] enemies=16 kills=105989 maxframe=0.147

=== 诊断结论（2026-09-08 01:10）===
fangcun（double_exp）副本中 kills 6965→105989 爆炸性增长（约3300击杀/游戏秒）后 t≈140 冻结。
根因锁定：Godot 版升级曲线 exp_next = 5+level*3（线性）与 web 版 exp_next *= 1.33（几何）不一致——
大规模击杀+双倍经验下，线性曲线使升级风暴（leveled.emit 风暴→_open_draft 草稿风暴）帧时间爆炸。
修复方向（下一轮）：exp_next 改为几何增长对齐 web 版；草稿队列上限；冻结后 smoke 评估等待。
