Godot Engine v4.7.2.stable.official.ed1daf0bf - https://godotengine.org

[ART] override sprite: tang
[V1] smoke ready: time_scale=6
[V1] t=10 ch=eagle trial=[] enemies=7 kills=24 maxframe=0.020
[ART] override sprite: tang
[ART] override sprite: tang
[ART] override sprite: tang
[ART] override sprite: tang
[V1] t=20 ch=chesi trial=[] enemies=37 kills=24 maxframe=0.013
[ART] override sprite: tang
[ART] override sprite: tang
[V1] sfx: tame
[V1] t=30 ch=tongtian trial=["id"] enemies=94 kills=374 maxframe=0.050
[V1] t=40 ch=tongtian trial=["id"] enemies=81 kills=1190 maxframe=0.019
[V1] t=50 ch=tongtian trial=["id"] enemies=95 kills=1885 maxframe=0.026
[V1] t=60 ch=tongtian trial=["id"] enemies=90 kills=2641 maxframe=0.023
[V1] t=70 ch=tongtian trial=["id"] enemies=28 kills=3596 maxframe=0.025
[V1] t=80 ch=tongtian trial=["id"] enemies=105 kills=4176 maxframe=0.021
[V1] trial complete: baguaFurnace
[V1] sfx: tame
[V1] trial save written: baguaFurnace
[V1] t=90 ch=tongtian trial=[] enemies=96 kills=5025 maxframe=0.023
[V1] t=100 ch=tongtian trial=[] enemies=18 kills=6007 maxframe=0.019
[V1] t=110 ch=tongtian trial=[] enemies=49 kills=6813 maxframe=0.019
[V1] t=120 ch=tongtian trial=[] enemies=48 kills=7568 maxframe=0.032
[V1] t=130 ch=tongtian trial=[] enemies=52 kills=8404 maxframe=0.012
[V1] t=140 ch=tongtian trial=[] enemies=80 kills=9095 maxframe=0.017
[V1] t=150 ch=tongtian trial=[] enemies=48 kills=9957 maxframe=0.032
[V1] t=160 ch=tongtian trial=[] enemies=59 kills=10766 maxframe=0.027
[V1] t=170 ch=tongtian trial=[] enemies=31 kills=11629 maxframe=0.026
[V1] t=190 ch=tongtian trial=[] enemies=48 kills=12913 maxframe=0.078
[V1] t=200 ch=tongtian trial=[] enemies=80 kills=13630 maxframe=0.022
[V1] t=210 ch=tongtian trial=[] enemies=48 kills=14547 maxframe=0.017
[V1] t=220 ch=tongtian trial=[] enemies=16 kills=15374 maxframe=0.031
[V1] t=230 ch=tongtian trial=[] enemies=48 kills=16053 maxframe=0.025
[V1] t=240 ch=tongtian trial=[] enemies=32 kills=16866 maxframe=0.030
[V1] t=250 ch=tongtian trial=[] enemies=64 kills=17645 maxframe=0.029
[V1] t=260 ch=tongtian trial=[] enemies=96 kills=18297 maxframe=0.043
[V1] t=270 ch=tongtian trial=[] enemies=32 kills=19124 maxframe=0.037
[V1] t=280 ch=tongtian trial=[] enemies=15 kills=19909 maxframe=0.034
[V1] t=290 ch=tongtian trial=[] enemies=21 kills=20551 maxframe=0.032
[V1] t=310 ch=tongtian trial=[] enemies=44 kills=21797 maxframe=0.064
[V1] t=320 ch=tongtian trial=[] enemies=35 kills=22410 maxframe=0.057
[V1] t=330 ch=tongtian trial=[] enemies=32 kills=23082 maxframe=0.040
[V1] t=340 ch=tongtian trial=[] enemies=96 kills=23868 maxframe=0.018
[V1] t=350 ch=tongtian trial=[] enemies=90 kills=24540 maxframe=0.016
[V1] t=360 ch=tongtian trial=[] enemies=51 kills=25515 maxframe=0.027
[V1] t=370 ch=tongtian trial=[] enemies=34 kills=26416 maxframe=0.027
[V1] t=380 ch=tongtian trial=[] enemies=39 kills=27190 maxframe=0.047
[V1] t=400 ch=tongtian trial=[] enemies=80 kills=28695 maxframe=0.029
[V1] trial verification incomplete at cap: ["baguaFurnace"]
[V1] smoke tick enter: elapsed=400 trial_done=["baguaFurnace"]
[V1] finish_smoke enter, passed=true
ERROR: Parameter "t" is null.
   at: texture_2d_get (./servers/rendering/dummy/storage/texture_storage.h:110)
   GDScript backtrace (most recent call first):
       [0] _finish_smoke (res://scripts/main.gd:665)
       [1] _smoke_tick (res://scripts/main.gd:659)
       [2] _process (res://scripts/main.gd:236)
[V1] finish_smoke writing json
SMOKE_RESULT {"allies":12,"atk_count":357,"boss_spawned":true,"boss_tamed":true,"cards_owned":{"cdr":3,"comboForm":4,"dashDmg":1,"formDuration":3,"killForm":1,"t_nova":3,"t_reflect":3,"t_ring":2,"ultGain":4},"chapter":"tongtian","chapter_now":"tongtian","chapters_cleared":12,"deaths":5,"draft_log":[["hero","mutation","survival"],["mutation","hero","survival"],["hero","mutation","survival"],["hero","mutation","generic"],["hero","mutation","survival"],["hero","mutation","survival"],["mutation","hero","survival"],["hero","mutation","generic"],["hero","mutation","survival"],["mutation","hero","survival"],["hero","mutation","survival"],["mutation","survival","generic"],["mutation","generic","element"],["mutation","survival","survival"],["mutation","element","survival"],["mutation","element","generic"],["mutation","survival","mobility"],["mutation","mobility","mobility"],["mutation","generic","element"],["mutation","survival","survival"],["mutation","generic","survival"],["mutation","survival","mobility"],["mutation","generic","survival"],["mutation","survival","survival"]],"e_count":94,"elapsed_s":400.0,"floaters_spawned":0,"form_count":30,"hero":"tang","hitstop_total_s":12.4,"kills":28695,"level":25,"pass":true,"q_count":172,"save_check":{"mismatch":[],"ok":true},"screenshot":"unavailable(headless)","structure_check":{"detail":"","fails":0,"trials":200},"switches":12,"trial_done":{"baguaFurnace":true},"ult_count":25,"unlocked":["tang","wukong","whiteDragon","bajie","shaWujing","nezha","erlang"],"victory":true,"wave":976}
