Godot Engine v4.7.2.stable.official.ed1daf0bf - https://godotengine.org
OpenGL API 3.3.0 NVIDIA 581.83 - Compatibility - Using Device: NVIDIA - NVIDIA GeForce RTX 3060 Laptop GPU

Movie Maker mode enabled, recording movie in 1280×720 @ 60 FPS...
[ART] trial override: hero:tang -> res://art/characters/tang_sanzang.png
[ART] trial override: enemy:wolf -> res://art/enemies/wolf_demon.png
[ART] trial override: hero:wukong -> res://art/characters/sun_wukong.png
[ART] trial override: enemy:wolf -> res://art/enemies/wolf_demon.png
[ART] trial override: enemy:wolf -> res://art/enemies/wolf_demon.png
[ART] trial override: enemy:wolf -> res://art/enemies/wolf_demon.png
[ART] trial override: enemy:wolf -> res://art/enemies/wolf_demon.png
[ART] trial override: enemy:wolf -> res://art/enemies/wolf_demon.png
[ART] trial override: enemy:wolf -> res://art/enemies/wolf_demon.png
[ART] trial override: enemy:wolf -> res://art/enemies/wolf_demon.png
[ART] trial override: enemy:wolf -> res://art/enemies/wolf_demon.png
[ART] trial override: enemy:wolf -> res://art/enemies/wolf_demon.png
[ART] trial override: enemy:wolf -> res://art/enemies/wolf_demon.png
[ART] trial override: enemy:wolf -> res://art/enemies/wolf_demon.png
[ART] trial override: enemy:wolf -> res://art/enemies/wolf_demon.png
[ART] trial override: enemy:wolf -> res://art/enemies/wolf_demon.png
[ART] trial override: enemy:wolf -> res://art/enemies/wolf_demon.png
[ART] trial override: enemy:wolf -> res://art/enemies/wolf_demon.png
[ART] trial override: enemy:wolf -> res://art/enemies/wolf_demon.png
[ART] trial override: enemy:wolf -> res://art/enemies/wolf_demon.png
[ART] trial override: enemy:wolf -> res://art/enemies/wolf_demon.png
[ART] trial override: enemy:wolf -> res://art/enemies/wolf_demon.png
[ART] trial override: enemy:wolf -> res://art/enemies/wolf_demon.png
[ART] trial override: enemy:wolf -> res://art/enemies/wolf_demon.png
[ART] trial override: enemy:wolf -> res://art/enemies/wolf_demon.png
[ART] trial override: hero:tang -> res://art/characters/tang_sanzang.png
[ART] trial override: enemy:wolf -> res://art/enemies/wolf_demon.png
[ART] trial override: enemy:wolf -> res://art/enemies/wolf_demon.png
[ART] trial override: enemy:wolf -> res://art/enemies/wolf_demon.png
[ART] trial override: enemy:wolf -> res://art/enemies/wolf_demon.png
[ART] trial override: enemy:wolf -> res://art/enemies/wolf_demon.png
[ART] trial override: enemy:wolf -> res://art/enemies/wolf_demon.png
[ART] trial override: enemy:wolf -> res://art/enemies/wolf_demon.png
[ART] trial override: enemy:wolf -> res://art/enemies/wolf_demon.png
[ART] trial override: enemy:wolf -> res://art/enemies/wolf_demon.png
[ART] trial override: enemy:wolf -> res://art/enemies/wolf_demon.png
[ART] trial override: enemy:wolf -> res://art/enemies/wolf_demon.png
[ART] trial override: enemy:wolf -> res://art/enemies/wolf_demon.png
[ART] trial override: enemy:wolf -> res://art/enemies/wolf_demon.png
[ART] trial override: enemy:wolf -> res://art/enemies/wolf_demon.png
[ART] trial override: enemy:wolf -> res://art/enemies/wolf_demon.png
[ART] trial override: enemy:wolf -> res://art/enemies/wolf_demon.png
[ART] trial override: enemy:wolf -> res://art/enemies/wolf_demon.png
[ART] trial override: enemy:wolf -> res://art/enemies/wolf_demon.png
[ART] trial override: enemy:wolf -> res://art/enemies/wolf_demon.png
[ART] trial override: enemy:wolf -> res://art/enemies/wolf_demon.png
[ART] trial override: enemy:wolf -> res://art/enemies/wolf_demon.png
[ART] trial override: enemy:wolf -> res://art/enemies/wolf_demon.png
[ART] trial override: enemy:wolf -> res://art/enemies/wolf_demon.png
[ART] trial override: enemy:wolf -> res://art/enemies/wolf_demon.png
[ART] trial override: enemy:wolf -> res://art/enemies/wolf_demon.png
[ART] trial override: enemy:wolf -> res://art/enemies/wolf_demon.png
[ART] trial override: enemy:wolf -> res://art/enemies/wolf_demon.png
[ART] trial override: enemy:wolf -> res://art/enemies/wolf_demon.png
[ART] trial override: enemy:wolf -> res://art/enemies/wolf_demon.png
[ART] trial override: enemy:wolf -> res://art/enemies/wolf_demon.png
[ART] trial override: enemy:wolf -> res://art/enemies/wolf_demon.png
[ART] trial override: enemy:wolf -> res://art/enemies/wolf_demon.png
[ART] trial override: enemy:wolf -> res://art/enemies/wolf_demon.png
[ART] trial override: enemy:wolf -> res://art/enemies/wolf_demon.png
[ART] trial override: enemy:wolf -> res://art/enemies/wolf_demon.png
[ART] trial override: enemy:wolf -> res://art/enemies/wolf_demon.png
[ART] trial override: enemy:wolf -> res://art/enemies/wolf_demon.png
[ART] trial override: enemy:wolf -> res://art/enemies/wolf_demon.png
[ART] trial override: enemy:wolf -> res://art/enemies/wolf_demon.png
[ART] trial override: enemy:wolf -> res://art/enemies/wolf_demon.png
[ART] trial override: enemy:wolf -> res://art/enemies/wolf_demon.png
[ART] trial override: enemy:wolf -> res://art/enemies/wolf_demon.png
[ART] trial override: enemy:wolf -> res://art/enemies/wolf_demon.png
[ART] trial override: enemy:wolf -> res://art/enemies/wolf_demon.png
[ART] trial override: enemy:wolf -> res://art/enemies/wolf_demon.png
[ART] trial override: enemy:wolf -> res://art/enemies/wolf_demon.png
COMBAT_MOVIE done
--------------------------------------------------------------------------------
Done recording movie at path: F:/Zcode projects/西游/wukong-godot/evidence/m2-r4-wukong-tangmonk-combat.avi
2273 frames at 60 FPS (movie length: 00:00:37:53), recorded in 00:00:36 (102% of real-time speed).
CPU render time: 1.37 seconds (average: 0.60 ms/frame)
GPU render time: 2.07 seconds (average: 0.91 ms/frame)
Encoding time: 17.15 seconds (average: 7.55 ms/frame)
--------------------------------------------------------------------------------
WARNING: 2 ObjectDB instances were leaked at exit (run with `--verbose` for details).
   at: cleanup (core/object/object.cpp:2536)
