Godot Engine v4.7.2.stable.official.ed1daf0bf - https://godotengine.org
OpenGL API 3.3.0 NVIDIA 581.83 - Compatibility - Using Device: NVIDIA - NVIDIA GeForce RTX 3060 Laptop GPU

Movie Maker mode enabled, recording movie in 1280×720 @ 60 FPS...
ERROR: Condition "!enabled || !is_inside_tree()" is true.
   at: make_current (scene/2d/camera_2d.cpp:588)
   GDScript backtrace (most recent call first):
       [0] _run (res://tests/kf_stage.gd:40)
       [1] _initialize (res://tests/kf_stage.gd:17)
[ART] trial override: hero:tang -> res://art/characters/tang_sanzang.png
[STAGE] 锦襕袈裟：2.8 秒护体（减伤 35%，反噬需卡牌）
[ART] trial override: hero:wukong -> res://art/characters/sun_wukong.png
[STAGE] 切换出战：孙悟空
[STAGE] 切换出战：小白龙
[STAGE] 引雷龙痕引爆 ×0（三层天雷 ×0）
[STAGE] 切换出战：猪八戒
[STAGE] 怒气不足 50：承伤积怒后再卷
[STAGE] 切换出战：沙悟净
[STAGE] 切换出战：哪吒
[STAGE] 切换出战：杨戬
KF_STAGE done
--------------------------------------------------------------------------------
Done recording movie at path: F:/Zcode projects/西游/wukong-godot/evidence/r3-choreo.avi
2464 frames at 60 FPS (movie length: 00:00:41:04), recorded in 00:00:39 (105% of real-time speed).
CPU render time: 2.81 seconds (average: 1.14 ms/frame)
GPU render time: 1.18 seconds (average: 0.48 ms/frame)
Encoding time: 16.70 seconds (average: 6.78 ms/frame)
--------------------------------------------------------------------------------
